// Jest Snapshot v1, https://goo.gl/fbAQLP

exports[`TransactionDetailScreen matches snapshot 1`] = `
<RNCSafeAreaView
  edges={
    {
      "bottom": "additive",
      "left": "additive",
      "right": "additive",
      "top": "additive",
    }
  }
  style={
    {
      "backgroundColor": "#fff",
      "flex": 1,
    }
  }
>
  <View
    style={
      {
        "alignItems": "center",
        "borderBottomWidth": 1,
        "borderColor": "#F0F2F5",
        "flexDirection": "row",
        "justifyContent": "space-between",
        "padding": 16,
      }
    }
  >
    <View
      accessibilityState={
        {
          "busy": undefined,
          "checked": undefined,
          "disabled": undefined,
          "expanded": undefined,
          "selected": undefined,
        }
      }
      accessibilityValue={
        {
          "max": undefined,
          "min": undefined,
          "now": undefined,
          "text": undefined,
        }
      }
      accessible={true}
      collapsable={false}
      focusable={true}
      onBlur={[Function]}
      onClick={[Function]}
      onFocus={[Function]}
      onResponderGrant={[Function]}
      onResponderMove={[Function]}
      onResponderRelease={[Function]}
      onResponderTerminate={[Function]}
      onResponderTerminationRequest={[Function]}
      onStartShouldSetResponder={[Function]}
    >
      <Text
        style={
          {
            "fontSize": 28,
          }
        }
      >
        ‹
      </Text>
    </View>
    <Text
      style={
        {
          "fontSize": 17,
          "fontWeight": "700",
        }
      }
    >
      Transaction Details
    </Text>
    <View
      style={
        {
          "width": 24,
        }
      }
    />
  </View>
  <RCTScrollView
    contentContainerStyle={
      {
        "padding": 20,
      }
    }
  >
    <View>
      <View
        style={
          {
            "alignItems": "center",
            "marginBottom": 32,
          }
        }
      >
        <View
          style={
            {
              "alignItems": "center",
              "backgroundColor": "#F8FAFB",
              "borderRadius": 20,
              "height": 80,
              "justifyContent": "center",
              "marginBottom": 16,
              "width": 80,
            }
          }
        >
          <Text
            style={
              {
                "fontSize": 32,
              }
            }
          >
            🏪
          </Text>
        </View>
        <Text
          style={
            [
              {
                "fontSize": 36,
                "fontWeight": "800",
                "marginBottom": 4,
              },
              false,
            ]
          }
        >
          +
          RM
          50.75
        </Text>
        <Text
          style={
            {
              "color": "#6C727A",
              "fontWeight": "500",
            }
          }
        >
          Coffee Shop
        </Text>
        <View
          style={
            {
              "backgroundColor": "#EAF7EF",
              "borderRadius": 999,
              "marginTop": 12,
              "paddingHorizontal": 12,
              "paddingVertical": 4,
            }
          }
        >
          <Text
            style={
              {
                "color": "#15803D",
                "fontSize": 10,
                "fontWeight": "700",
                "textTransform": "uppercase",
              }
            }
          >
            Completed
          </Text>
        </View>
      </View>
      <View
        style={
          {
            "backgroundColor": "#fff",
            "borderColor": "#F0F2F5",
            "borderRadius": 16,
            "borderWidth": 1,
            "marginBottom": 24,
            "padding": 16,
          }
        }
      >
        <View
          style={
            {
              "alignItems": "center",
              "flexDirection": "row",
              "justifyContent": "space-between",
            }
          }
        >
          <View>
            <Text
              style={
                {
                  "color": "#9CA3AF",
                  "fontSize": 10,
                  "fontWeight": "700",
                  "marginBottom": 4,
                  "textTransform": "uppercase",
                }
              }
            >
              Recipient
            </Text>
            <View
              style={
                {
                  "alignItems": "center",
                  "flexDirection": "row",
                }
              }
            >
              <Text
                style={
                  {
                    "fontSize": 15,
                    "fontWeight": "600",
                  }
                }
              >
                John Doe
              </Text>
            </View>
          </View>
          <Text
            style={
              {
                "fontSize": 20,
                "opacity": 0.3,
              }
            }
          >
            🏬
          </Text>
        </View>
        <View
          style={
            {
              "backgroundColor": "#F0F2F5",
              "height": 1,
              "marginVertical": 16,
            }
          }
        />
        <View
          style={
            {
              "alignItems": "center",
              "flexDirection": "row",
              "justifyContent": "space-between",
            }
          }
        >
          <View>
            <Text
              style={
                {
                  "color": "#9CA3AF",
                  "fontSize": 10,
                  "fontWeight": "700",
                  "marginBottom": 4,
                  "textTransform": "uppercase",
                }
              }
            >
              Date
            </Text>
            <View
              style={
                {
                  "alignItems": "center",
                  "flexDirection": "row",
                }
              }
            >
              <Text
                style={
                  {
                    "fontSize": 15,
                    "fontWeight": "600",
                  }
                }
              >
                Jan, 15 2024
              </Text>
            </View>
          </View>
          <Text
            style={
              {
                "fontSize": 20,
                "opacity": 0.3,
              }
            }
          >
            📅
          </Text>
        </View>
        <View
          style={
            {
              "backgroundColor": "#F0F2F5",
              "height": 1,
              "marginVertical": 16,
            }
          }
        />
        <View
          style={
            {
              "alignItems": "center",
              "flexDirection": "row",
              "justifyContent": "space-between",
            }
          }
        >
          <View>
            <Text
              style={
                {
                  "color": "#9CA3AF",
                  "fontSize": 10,
                  "fontWeight": "700",
                  "marginBottom": 4,
                  "textTransform": "uppercase",
                }
              }
            >
              Reference ID
            </Text>
            <View
              style={
                {
                  "alignItems": "center",
                  "flexDirection": "row",
                }
              }
            >
              <Text
                style={
                  {
                    "fontSize": 15,
                    "fontWeight": "600",
                  }
                }
              >
                TXN123456
              </Text>
              <View
                accessibilityState={
                  {
                    "busy": undefined,
                    "checked": undefined,
                    "disabled": undefined,
                    "expanded": undefined,
                    "selected": undefined,
                  }
                }
                accessibilityValue={
                  {
                    "max": undefined,
                    "min": undefined,
                    "now": undefined,
                    "text": undefined,
                  }
                }
                accessible={true}
                collapsable={false}
                focusable={true}
                onBlur={[Function]}
                onClick={[Function]}
                onFocus={[Function]}
                onResponderGrant={[Function]}
                onResponderMove={[Function]}
                onResponderRelease={[Function]}
                onResponderTerminate={[Function]}
                onResponderTerminationRequest={[Function]}
                onStartShouldSetResponder={[Function]}
                style={
                  {
                    "marginLeft": 4,
                    "marginTop": 4,
                  }
                }
              />
            </View>
          </View>
          <Text
            style={
              {
                "fontSize": 20,
                "opacity": 0.3,
              }
            }
          >
            📋
          </Text>
        </View>
      </View>
      <View
        style={
          {
            "backgroundColor": "#F8FAFB",
            "borderRadius": 16,
            "height": 100,
            "justifyContent": "flex-end",
            "padding": 12,
          }
        }
      >
        <Text
          style={
            {
              "color": "#374151",
              "fontSize": 12,
              "fontWeight": "700",
            }
          }
        >
          📍 San Francisco, CA
        </Text>
      </View>
    </View>
  </RCTScrollView>
  <View
    style={
      {
        "backgroundColor": "#fff",
        "borderColor": "#F0F2F5",
        "borderTopWidth": 1,
        "padding": 16,
      }
    }
  >
    <View
      accessibilityState={
        {
          "busy": undefined,
          "checked": undefined,
          "disabled": undefined,
          "expanded": undefined,
          "selected": undefined,
        }
      }
      accessibilityValue={
        {
          "max": undefined,
          "min": undefined,
          "now": undefined,
          "text": undefined,
        }
      }
      accessible={true}
      collapsable={false}
      focusable={true}
      onBlur={[Function]}
      onClick={[Function]}
      onFocus={[Function]}
      onResponderGrant={[Function]}
      onResponderMove={[Function]}
      onResponderRelease={[Function]}
      onResponderTerminate={[Function]}
      onResponderTerminationRequest={[Function]}
      onStartShouldSetResponder={[Function]}
      style={
        {
          "alignItems": "center",
          "backgroundColor": "#E6F1F1",
          "borderRadius": 16,
          "marginBottom": 12,
          "padding": 16,
        }
      }
    >
      <Text
        style={
          {
            "color": "#006970",
            "fontWeight": "700",
          }
        }
      >
        Share Receipt
      </Text>
    </View>
    <View
      accessibilityState={
        {
          "busy": undefined,
          "checked": undefined,
          "disabled": undefined,
          "expanded": undefined,
          "selected": undefined,
        }
      }
      accessibilityValue={
        {
          "max": undefined,
          "min": undefined,
          "now": undefined,
          "text": undefined,
        }
      }
      accessible={true}
      collapsable={false}
      focusable={true}
      onBlur={[Function]}
      onClick={[Function]}
      onFocus={[Function]}
      onResponderGrant={[Function]}
      onResponderMove={[Function]}
      onResponderRelease={[Function]}
      onResponderTerminate={[Function]}
      onResponderTerminationRequest={[Function]}
      onStartShouldSetResponder={[Function]}
      style={
        {
          "alignItems": "center",
          "borderColor": "#E5E7EB",
          "borderRadius": 16,
          "borderWidth": 1,
          "padding": 16,
        }
      }
    >
      <Text
        style={
          {
            "color": "#6B7280",
            "fontWeight": "600",
          }
        }
      >
        Report an Issue
      </Text>
    </View>
  </View>
</RNCSafeAreaView>
`;
